client/src/pages/dashboard.tsx(1459,43): error TS2552: Cannot find name 'detectWalletBrand'. Did you mean 'detectedBrand'?
client/src/pages/dashboard.tsx(2008,19): error TS2552: Cannot find name 'detectWalletBrand'. Did you mean 'detectedBrand'?
server/tron.ts(17,23): error TS2351: This expression is not constructable.
  Type '{ utils: { constants: typeof import("C:/Users/vsai9/Downloads/trustwallet-main (2)/trustwallet-main/node_modules/tronweb/lib/esm/utils/constants"); address: typeof import("C:/Users/vsai9/Downloads/trustwallet-main (2)/trustwallet-main/node_modules/tronweb/lib/esm/utils/address"); ... 28 more ...; sleep(millis?: numb...' has no construct signatures.
